// Jest Snapshot v1, https://goo.gl/fbAQLP

exports[`ForecastSummaries renders correctly 1`] = `
<DocumentFragment>
  <div
    class="forecast-summaries"
  >
    <div
      class="forecast-summary"
      data-testid="forecast-summary"
    >
      <div
        class="forecast-summary_date"
      >
        2222
      </div>
      <div
        class="forecast-summary_description"
      >
         Stub description 1.0
      </div>
      <div
        class="forecast-summary_icon"
        data-testid="forecast-icon"
      >
        stubIcon 1.0
      </div>
      <div
        class="forecast-summary_temperature"
      >
        22°C
      </div>
    </div>
    <div
      class="forecast-summary"
      data-testid="forecast-summary"
    >
      <div
        class="forecast-summary_date"
      >
        3333
      </div>
      <div
        class="forecast-summary_description"
      >
         Stub description 2.0
      </div>
      <div
        class="forecast-summary_icon"
        data-testid="forecast-icon"
      >
        stubIcon 2.0
      </div>
      <div
        class="forecast-summary_temperature"
      >
        10°C
      </div>
    </div>
  </div>
</DocumentFragment>
`;
